[0.629s] Invoking command in '/home/leo/Documents/eecs_106/ros_workspaces/lab2/src/lab2_turtlesim': PYTHONPATH=/home/leo/Documents/eecs_106/ros_workspaces/lab2/build/lab2_turtlesim/prefix_override:/usr/lib/python3/dist-packages/colcon_core/task/python/colcon_distutils_commands:/home/leo/Documents/eecs_106/ros_workspaces/lab2/install/lab2_turtlesim/lib/python3.10/site-packages:${PYTHONPATH} /usr/bin/python3 -W ignore:setup.py install is deprecated -W ignore:easy_install command is deprecated setup.py egg_info --egg-base ../../build/lab2_turtlesim build --build-base /home/leo/Documents/eecs_106/ros_workspaces/lab2/build/lab2_turtlesim/build install --record /home/leo/Documents/eecs_106/ros_workspaces/lab2/build/lab2_turtlesim/install.log --single-version-externally-managed install_data
[0.820s] running egg_info
[0.820s] creating ../../build/lab2_turtlesim/lab2_turtlesim.egg-info
[0.820s] writing ../../build/lab2_turtlesim/lab2_turtlesim.egg-info/PKG-INFO
[0.821s] writing dependency_links to ../../build/lab2_turtlesim/lab2_turtlesim.egg-info/dependency_links.txt
[0.821s] writing entry points to ../../build/lab2_turtlesim/lab2_turtlesim.egg-info/entry_points.txt
[0.821s] writing requirements to ../../build/lab2_turtlesim/lab2_turtlesim.egg-info/requires.txt
[0.821s] writing top-level names to ../../build/lab2_turtlesim/lab2_turtlesim.egg-info/top_level.txt
[0.821s] writing manifest file '../../build/lab2_turtlesim/lab2_turtlesim.egg-info/SOURCES.txt'
[0.821s] reading manifest file '../../build/lab2_turtlesim/lab2_turtlesim.egg-info/SOURCES.txt'
[0.822s] writing manifest file '../../build/lab2_turtlesim/lab2_turtlesim.egg-info/SOURCES.txt'
[0.822s] running build
[0.822s] running build_py
[0.822s] creating /home/leo/Documents/eecs_106/ros_workspaces/lab2/build/lab2_turtlesim/build
[0.822s] creating /home/leo/Documents/eecs_106/ros_workspaces/lab2/build/lab2_turtlesim/build/lib
[0.822s] creating /home/leo/Documents/eecs_106/ros_workspaces/lab2/build/lab2_turtlesim/build/lib/lab2_turtlesim
[0.822s] copying lab2_turtlesim/turtle_controller.py -> /home/leo/Documents/eecs_106/ros_workspaces/lab2/build/lab2_turtlesim/build/lib/lab2_turtlesim
[0.822s] copying lab2_turtlesim/__init__.py -> /home/leo/Documents/eecs_106/ros_workspaces/lab2/build/lab2_turtlesim/build/lib/lab2_turtlesim
[0.822s] running install
[0.822s] running install_lib
[0.822s] creating /home/leo/Documents/eecs_106/ros_workspaces/lab2/install/lab2_turtlesim/lib/python3.10/site-packages/lab2_turtlesim
[0.822s] copying /home/leo/Documents/eecs_106/ros_workspaces/lab2/build/lab2_turtlesim/build/lib/lab2_turtlesim/turtle_controller.py -> /home/leo/Documents/eecs_106/ros_workspaces/lab2/install/lab2_turtlesim/lib/python3.10/site-packages/lab2_turtlesim
[0.823s] copying /home/leo/Documents/eecs_106/ros_workspaces/lab2/build/lab2_turtlesim/build/lib/lab2_turtlesim/__init__.py -> /home/leo/Documents/eecs_106/ros_workspaces/lab2/install/lab2_turtlesim/lib/python3.10/site-packages/lab2_turtlesim
[0.823s] byte-compiling /home/leo/Documents/eecs_106/ros_workspaces/lab2/install/lab2_turtlesim/lib/python3.10/site-packages/lab2_turtlesim/turtle_controller.py to turtle_controller.cpython-310.pyc
[0.823s] byte-compiling /home/leo/Documents/eecs_106/ros_workspaces/lab2/install/lab2_turtlesim/lib/python3.10/site-packages/lab2_turtlesim/__init__.py to __init__.cpython-310.pyc
[0.824s] running install_data
[0.824s] creating /home/leo/Documents/eecs_106/ros_workspaces/lab2/install/lab2_turtlesim/share/ament_index
[0.824s] creating /home/leo/Documents/eecs_106/ros_workspaces/lab2/install/lab2_turtlesim/share/ament_index/resource_index
[0.824s] creating /home/leo/Documents/eecs_106/ros_workspaces/lab2/install/lab2_turtlesim/share/ament_index/resource_index/packages
[0.824s] copying resource/lab2_turtlesim -> /home/leo/Documents/eecs_106/ros_workspaces/lab2/install/lab2_turtlesim/share/ament_index/resource_index/packages
[0.824s] copying package.xml -> /home/leo/Documents/eecs_106/ros_workspaces/lab2/install/lab2_turtlesim/share/lab2_turtlesim
[0.824s] running install_egg_info
[0.825s] Copying ../../build/lab2_turtlesim/lab2_turtlesim.egg-info to /home/leo/Documents/eecs_106/ros_workspaces/lab2/install/lab2_turtlesim/lib/python3.10/site-packages/lab2_turtlesim-0.0.0-py3.10.egg-info
[0.825s] running install_scripts
[0.839s] Installing turtle_controller script to /home/leo/Documents/eecs_106/ros_workspaces/lab2/install/lab2_turtlesim/lib/lab2_turtlesim
[0.840s] writing list of installed files to '/home/leo/Documents/eecs_106/ros_workspaces/lab2/build/lab2_turtlesim/install.log'
[0.852s] Invoked command in '/home/leo/Documents/eecs_106/ros_workspaces/lab2/src/lab2_turtlesim' returned '0': PYTHONPATH=/home/leo/Documents/eecs_106/ros_workspaces/lab2/build/lab2_turtlesim/prefix_override:/usr/lib/python3/dist-packages/colcon_core/task/python/colcon_distutils_commands:/home/leo/Documents/eecs_106/ros_workspaces/lab2/install/lab2_turtlesim/lib/python3.10/site-packages:${PYTHONPATH} /usr/bin/python3 -W ignore:setup.py install is deprecated -W ignore:easy_install command is deprecated setup.py egg_info --egg-base ../../build/lab2_turtlesim build --build-base /home/leo/Documents/eecs_106/ros_workspaces/lab2/build/lab2_turtlesim/build install --record /home/leo/Documents/eecs_106/ros_workspaces/lab2/build/lab2_turtlesim/install.log --single-version-externally-managed install_data
